[post-fix-regression] HumanEval/1: PASS 4s think=0ch
[post-fix-regression] HumanEval/5: PASS 3s think=0ch
[post-fix-regression] HumanEval/7: PASS 3s think=0ch
[post-fix-regression] HumanEval/10: PASS 11s think=0ch
[post-fix-regression] HumanEval/18: PASS 3s think=0ch
[post-fix-regression] HumanEval/19: PASS 5s think=0ch
[post-fix-regression] HumanEval/29: PASS 1s think=0ch
[post-fix-regression] HumanEval/31: PASS 4s think=0ch
[post-fix-regression] HumanEval/37: PASS 4s think=0ch
[post-fix-regression] HumanEval/41: PASS 2s think=0ch
[post-fix-regression] HumanEval/44: PASS 2s think=0ch
[post-fix-regression] HumanEval/50: FAIL (Traceback (most recent call last):
  File "/tmp/tmpzrqhye30.py", line 37, in <mo) 3s think=0ch
[post-fix-regression] HumanEval/70: PASS 3s think=0ch
[post-fix-regression] HumanEval/71: PASS 4s think=0ch
[post-fix-regression] HumanEval/75: PASS 8s think=0ch
[post-fix-regression] HumanEval/76: PASS 6s think=0ch
[post-fix-regression] HumanEval/78: PASS 3s think=0ch
[post-fix-regression] HumanEval/80: PASS 3s think=0ch
[post-fix-regression] HumanEval/85: PASS 2s think=0ch
[post-fix-regression] HumanEval/96: PASS 7s think=0ch
[post-fix-regression] HumanEval/104: PASS 5s think=0ch
[post-fix-regression] HumanEval/107: PASS 3s think=0ch
[post-fix-regression] HumanEval/111: PASS 4s think=0ch
[post-fix-regression] HumanEval/125: PASS 4s think=0ch
[post-fix-regression] HumanEval/133: PASS 2s think=0ch
[post-fix-regression] HumanEval/136: PASS 3s think=0ch
[post-fix-regression] HumanEval/137: PASS 6s think=0ch
[post-fix-regression] HumanEval/140: PASS 9s think=0ch
[post-fix-regression] HumanEval/145: FAIL (Traceback (most recent call last):
  File "/tmp/tmprh2ucr7c.py", line 34, in <mo) 4s think=0ch
[post-fix-regression] HumanEval/158: PASS 3s think=0ch
SCORE: 28/30 = 93%
LABEL=post-fix-regression BUDGET=None
AGENTIC-BENCH-DONE
ROWS=30
