[lcb30-arepro] abc394_a (easy): PASS 2s fr=stop cases=3 think=0ch
[lcb30-arepro] abc396_b (easy): PASS 26s fr=stop cases=2 think=0ch
[lcb30-arepro] 3817 (easy): PASS 12s fr=stop cases=2 think=0ch
[lcb30-arepro] abc392_a (easy): PASS 3s fr=stop cases=2 think=0ch
[lcb30-arepro] abc399_a (easy): PASS 3s fr=stop cases=4 think=0ch
[lcb30-arepro] abc393_a (easy): PASS 12s fr=stop cases=2 think=0ch
[lcb30-arepro] abc390_b (easy): PASS 69s fr=length cases=3 think=0ch
[lcb30-arepro] abc395_a (easy): PASS 4s fr=stop cases=3 think=0ch
[lcb30-arepro] 3723 (easy): PASS 19s fr=stop cases=2 think=0ch
[lcb30-arepro] abc391_b (easy): PASS 6s fr=stop cases=2 think=0ch
[lcb30-arepro] abc400_d (medium): FAIL no-code-extracted fr=length 122s think=0ch
[lcb30-arepro] arc194_a (medium): FAIL no-code-extracted fr=length 116s think=0ch
[lcb30-arepro] abc397_c (medium): PASS 44s fr=stop cases=2 think=0ch
[lcb30-arepro] abc399_d (medium): FAIL no-code-extracted fr=length 93s think=0ch
[lcb30-arepro] abc398_b (medium): PASS 38s fr=stop cases=4 think=0ch
[lcb30-arepro] 3760 (medium): FAIL (case-mismatch) 82s fr=length cases=3 think=0ch
[lcb30-arepro] 3805 (medium): FAIL no-code-extracted fr=length 80s think=0ch
[lcb30-arepro] abc395_c (medium): PASS 31s fr=stop cases=3 think=0ch
[lcb30-arepro] 3793 (medium): PASS 73s fr=stop cases=4 think=0ch
[lcb30-arepro] abc390_c (medium): FAIL (case-mismatch) 97s fr=length cases=3 think=0ch
[lcb30-arepro] abc398_g (hard): FAIL no-code-extracted fr=length 115s think=0ch
[lcb30-arepro] 3733 (hard): FAIL no-code-extracted fr=length 115s think=0ch
[lcb30-arepro] arc196_a (hard): FAIL no-code-extracted fr=length 97s think=0ch
[lcb30-arepro] arc193_b (hard): FAIL no-code-extracted fr=length 97s think=0ch
[lcb30-arepro] arc195_d (hard): FAIL no-code-extracted fr=length 111s think=0ch
[lcb30-arepro] abc395_f (hard): FAIL no-code-extracted fr=length 83s think=0ch
[lcb30-arepro] arc196_b (hard): FAIL no-code-extracted fr=length 105s think=0ch
[lcb30-arepro] arc194_d (hard): FAIL no-code-extracted fr=length 105s think=0ch
[lcb30-arepro] abc398_f (hard): FAIL no-code-extracted fr=length 95s think=0ch
[lcb30-arepro] arc194_c (hard): FAIL no-code-extracted fr=length 87s think=0ch
SCORE: 14/30 = 47%
LABEL=lcb30-arepro N=30
LCB-30 DONE
ROWS=30
